// Jest Snapshot v1, https://goo.gl/fbAQLP

exports[`TracksListChart тесты Нормальный жизненный цикл 1`] = `
<Component
  childrensProps={Array []}
  className="track-list"
/>
`;

exports[`TracksListChart тесты Передача параметров 1`] = `
<Component
  childrensProps={
    Array [
      Object {
        "image": "1.png",
        "images": Array [
          "1.png",
        ],
        "key": "11.png",
        "name": "1",
        "trackName": "1",
      },
      Object {
        "image": "2.png",
        "images": Array [
          "2.png",
        ],
        "key": "22.png",
        "name": "2",
        "trackName": "2",
      },
    ]
  }
  className="track-list"
/>
`;
