// Jest Snapshot v1, https://goo.gl/fbAQLP

exports[`render ButtonPlusMinus Renders correct minus 1`] = `
<img
  alt="button-minus"
  className="button-volume button-volume-minus"
  onClick={[Function]}
  src="minus.svg"
/>
`;

exports[`render ButtonPlusMinus Renders correct plus 1`] = `
<img
  alt="button-plus"
  className="button-volume button-volume-plus"
  onClick={[Function]}
  src="plus.svg"
/>
`;
